BL51 BANKED LINKER/LOCATER V6.22.2.0                                                    12/16/2020  00:33:24  PAGE 1


BL51 BANKED LINKER/LOCATER V6.22.2.0, INVOKED BY:
D:\MDK5ANZHUANGWENJIANJIA\C51\BIN\BL51.EXE .\Objects\STARTUP.obj, .\Objects\main.obj TO .\Objects\key PRINT (.\Listings\
>> key.m51) RAMSIZE (256)


MEMORY MODEL: SMALL


INPUT MODULES INCLUDED:
  .\Objects\STARTUP.obj (?C_STARTUP)
  .\Objects\main.obj (MAIN)


LINK MAP OF MODULE:  .\Objects\key (?C_STARTUP)


            TYPE    BASE      LENGTH    RELOCATION   SEGMENT NAME
            -----------------------------------------------------

            * * * * * * *   D A T A   M E M O R Y   * * * * * * *
            REG     0000H     0008H     ABSOLUTE     "REG BANK 0"
            IDATA   0008H     0001H     UNIT         ?STACK

            * * * * * * *   C O D E   M E M O R Y   * * * * * * *
            CODE    0000H     0003H     ABSOLUTE     
            CODE    0003H     0041H     UNIT         ?PR?KEYSCAN?MAIN
            CODE    0044H     0024H     UNIT         ?PR?_DELAYMS?MAIN
            CODE    0068H     000EH     UNIT         ?PR?MAIN?MAIN
            CODE    0076H     000CH     UNIT         ?C_C51STARTUP
            CODE    0082H     0009H     UNIT         ?PR?KEYINIT?MAIN
            CODE    008BH     0009H     UNIT         ?PR?LEDINIT?MAIN



OVERLAY MAP OF MODULE:   .\Objects\key (?C_STARTUP)


SEGMENT
  +--> CALLED SEGMENT
---------------------
?C_C51STARTUP
  +--> ?PR?MAIN?MAIN

?PR?MAIN?MAIN
  +--> ?PR?KEYINIT?MAIN
  +--> ?PR?LEDINIT?MAIN
  +--> ?PR?KEYSCAN?MAIN
  +--> ?PR?_DELAYMS?MAIN

?PR?KEYSCAN?MAIN
  +--> ?PR?_DELAYMS?MAIN



SYMBOL TABLE OF MODULE:  .\Objects\key (?C_STARTUP)

  VALUE           TYPE          NAME
  ----------------------------------
BL51 BANKED LINKER/LOCATER V6.22.2.0                                                  12/16/2020  00:33:24  PAGE 2



  -------         MODULE        ?C_STARTUP
  C:0076H         SEGMENT       ?C_C51STARTUP
  I:0008H         SEGMENT       ?STACK
  C:0000H         PUBLIC        ?C_STARTUP
  D:00E0H         SYMBOL        ACC
  D:00F0H         SYMBOL        B
  D:0083H         SYMBOL        DPH
  D:0082H         SYMBOL        DPL
  N:0000H         SYMBOL        IBPSTACK
  N:0100H         SYMBOL        IBPSTACKTOP
  N:0080H         SYMBOL        IDATALEN
  C:0079H         SYMBOL        IDATALOOP
  N:0000H         SYMBOL        PBPSTACK
  N:0100H         SYMBOL        PBPSTACKTOP
  N:0000H         SYMBOL        PDATALEN
  N:0000H         SYMBOL        PDATASTART
  N:0000H         SYMBOL        PPAGE
  N:0000H         SYMBOL        PPAGEENABLE
  D:00A0H         SYMBOL        PPAGE_SFR
  D:0081H         SYMBOL        SP
  C:0076H         SYMBOL        STARTUP1
  N:0000H         SYMBOL        XBPSTACK
  N:0000H         SYMBOL        XBPSTACKTOP
  N:0000H         SYMBOL        XDATALEN
  N:0000H         SYMBOL        XDATASTART
  C:0000H         LINE#         126
  C:0076H         LINE#         133
  C:0078H         LINE#         134
  C:0079H         LINE#         135
  C:007AH         LINE#         136
  C:007CH         LINE#         185
  C:007FH         LINE#         196
  -------         ENDMOD        ?C_STARTUP

  -------         MODULE        MAIN
  C:0000H         SYMBOL        _ICE_DUMMY_
  B:00B0H.5       PUBLIC        key4
  D:0090H         PUBLIC        P1
  D:00B0H         PUBLIC        P3
  D:00A8H         PUBLIC        IE
  D:00B8H         PUBLIC        IP
  C:0068H         PUBLIC        main
  C:008BH         PUBLIC        LedInit
  C:0003H         PUBLIC        KeyScan
  C:0048H         PUBLIC        _DelayMs
  D:0098H         PUBLIC        SCON
  D:0088H         PUBLIC        TCON
  C:0082H         PUBLIC        KeyInit
  B:0090H.0       PUBLIC        led1
  D:00C8H         PUBLIC        T2CON
  B:0090H.1       PUBLIC        led2
  B:0090H.2       PUBLIC        led3
  B:0090H.3       PUBLIC        led4
  D:00D0H         PUBLIC        PSW
  B:00B0H.2       PUBLIC        key1
  B:00B0H.3       PUBLIC        key2
BL51 BANKED LINKER/LOCATER V6.22.2.0                                                  12/16/2020  00:33:24  PAGE 3


  B:00B0H.4       PUBLIC        key3
  -------         PROC          MAIN
  C:0068H         LINE#         23
  C:0068H         LINE#         24
  C:006BH         LINE#         25
  C:006EH         LINE#         26
  C:006EH         LINE#         27
  C:006EH         LINE#         29
  C:0071H         LINE#         30
  C:0074H         LINE#         31
  -------         ENDPROC       MAIN
  -------         PROC          KEYINIT
  C:0082H         LINE#         34
  C:0082H         LINE#         35
  C:0084H         LINE#         36
  C:0086H         LINE#         37
  C:0088H         LINE#         38
  C:008AH         LINE#         39
  -------         ENDPROC       KEYINIT
  -------         PROC          KEYSCAN
  C:0003H         LINE#         41
  C:0003H         LINE#         42
  C:000FH         LINE#         43
  C:000FH         LINE#         45
  C:0016H         LINE#         46
  C:0019H         LINE#         47
  C:0019H         LINE#         49
  C:001CH         LINE#         50
  C:001EH         LINE#         51
  C:0023H         LINE#         52
  C:0023H         LINE#         54
  C:0026H         LINE#         55
  C:0028H         LINE#         56
  C:002DH         LINE#         57
  C:002DH         LINE#         59
  C:0030H         LINE#         60
  C:0032H         LINE#         61
  C:0037H         LINE#         62
  C:0037H         LINE#         64
  C:003AH         LINE#         65
  C:003CH         LINE#         66
  C:003CH         LINE#         67
  C:0043H         LINE#         68
  C:0043H         LINE#         69
  -------         ENDPROC       KEYSCAN
  -------         PROC          LEDINIT
  C:008BH         LINE#         70
  C:008BH         LINE#         71
  C:008DH         LINE#         72
  C:008FH         LINE#         73
  C:0091H         LINE#         74
  C:0093H         LINE#         75
  -------         ENDPROC       LEDINIT
  C:0044H         SYMBOL        L?0026
  -------         PROC          L?0025
  -------         ENDPROC       L?0025
  C:0044H         SYMBOL        L?0026
BL51 BANKED LINKER/LOCATER V6.22.2.0                                                  12/16/2020  00:33:24  PAGE 4


  -------         PROC          _DELAYMS
  D:0006H         SYMBOL        time_ms
  -------         DO            
  D:0004H         SYMBOL        i
  D:0002H         SYMBOL        j
  -------         ENDDO         
  C:0048H         LINE#         77
  C:0048H         LINE#         79
  C:0052H         LINE#         80
  C:0052H         LINE#         82
  C:0055H         LINE#         83
  C:0055H         LINE#         85
  C:0060H         LINE#         86
  C:0067H         LINE#         87
  -------         ENDPROC       _DELAYMS
  -------         ENDMOD        MAIN

Program Size: data=9.0 xdata=0 code=148
LINK/LOCATE RUN COMPLETE.  0 WARNING(S),  0 ERROR(S)
